Archive member included because of file (symbol)

h:/avr/tools/eclipse/winavr-20100110/bin/../lib/gcc/avr/4.3.3/avr5\libgcc.a(_divmodsi4.o)
                              ./LCD.o (__divmodsi4)
h:/avr/tools/eclipse/winavr-20100110/bin/../lib/gcc/avr/4.3.3/avr5\libgcc.a(_exit.o)
                              h:/avr/tools/eclipse/winavr-20100110/bin/../lib/gcc/avr/4.3.3/../../../../avr/lib/avr5/crtm32.o (exit)
h:/avr/tools/eclipse/winavr-20100110/bin/../lib/gcc/avr/4.3.3/avr5\libgcc.a(_copy_data.o)
                              ./Gpiodriver.o (__do_copy_data)
h:/avr/tools/eclipse/winavr-20100110/bin/../lib/gcc/avr/4.3.3/avr5\libgcc.a(_clear_bss.o)
                              ./Interrupts.o (__do_clear_bss)
h:/avr/tools/eclipse/winavr-20100110/bin/../lib/gcc/avr/4.3.3/avr5\libgcc.a(_fixunssfsi.o)
                              ./Timer0.o (__fixunssfsi)
h:/avr/tools/eclipse/winavr-20100110/bin/../lib/gcc/avr/4.3.3/avr5\libgcc.a(_addsub_sf.o)
                              ./LCD.o (__subsf3)
h:/avr/tools/eclipse/winavr-20100110/bin/../lib/gcc/avr/4.3.3/avr5\libgcc.a(_mul_sf.o)
                              ./LCD.o (__mulsf3)
h:/avr/tools/eclipse/winavr-20100110/bin/../lib/gcc/avr/4.3.3/avr5\libgcc.a(_div_sf.o)
                              ./Timer0.o (__divsf3)
h:/avr/tools/eclipse/winavr-20100110/bin/../lib/gcc/avr/4.3.3/avr5\libgcc.a(_ge_sf.o)
                              h:/avr/tools/eclipse/winavr-20100110/bin/../lib/gcc/avr/4.3.3/avr5\libgcc.a(_fixunssfsi.o) (__gesf2)
h:/avr/tools/eclipse/winavr-20100110/bin/../lib/gcc/avr/4.3.3/avr5\libgcc.a(_si_to_sf.o)
                              ./LCD.o (__floatsisf)
h:/avr/tools/eclipse/winavr-20100110/bin/../lib/gcc/avr/4.3.3/avr5\libgcc.a(_sf_to_si.o)
                              ./LCD.o (__fixsfsi)
h:/avr/tools/eclipse/winavr-20100110/bin/../lib/gcc/avr/4.3.3/avr5\libgcc.a(_thenan_sf.o)
                              h:/avr/tools/eclipse/winavr-20100110/bin/../lib/gcc/avr/4.3.3/avr5\libgcc.a(_addsub_sf.o) (__thenan_sf)
h:/avr/tools/eclipse/winavr-20100110/bin/../lib/gcc/avr/4.3.3/avr5\libgcc.a(_usi_to_sf.o)
                              ./Timer1.o (__floatunsisf)
h:/avr/tools/eclipse/winavr-20100110/bin/../lib/gcc/avr/4.3.3/avr5\libgcc.a(_udivmodsi4.o)
                              h:/avr/tools/eclipse/winavr-20100110/bin/../lib/gcc/avr/4.3.3/avr5\libgcc.a(_divmodsi4.o) (__udivmodsi4)
h:/avr/tools/eclipse/winavr-20100110/bin/../lib/gcc/avr/4.3.3/avr5\libgcc.a(_prologue.o)
                              h:/avr/tools/eclipse/winavr-20100110/bin/../lib/gcc/avr/4.3.3/avr5\libgcc.a(_addsub_sf.o) (__prologue_saves__)
h:/avr/tools/eclipse/winavr-20100110/bin/../lib/gcc/avr/4.3.3/avr5\libgcc.a(_epilogue.o)
                              h:/avr/tools/eclipse/winavr-20100110/bin/../lib/gcc/avr/4.3.3/avr5\libgcc.a(_addsub_sf.o) (__epilogue_restores__)
h:/avr/tools/eclipse/winavr-20100110/bin/../lib/gcc/avr/4.3.3/avr5\libgcc.a(_clzsi2.o)
                              h:/avr/tools/eclipse/winavr-20100110/bin/../lib/gcc/avr/4.3.3/avr5\libgcc.a(_si_to_sf.o) (__clzsi2)
h:/avr/tools/eclipse/winavr-20100110/bin/../lib/gcc/avr/4.3.3/avr5\libgcc.a(_pack_sf.o)
                              h:/avr/tools/eclipse/winavr-20100110/bin/../lib/gcc/avr/4.3.3/avr5\libgcc.a(_addsub_sf.o) (__pack_f)
h:/avr/tools/eclipse/winavr-20100110/bin/../lib/gcc/avr/4.3.3/avr5\libgcc.a(_unpack_sf.o)
                              h:/avr/tools/eclipse/winavr-20100110/bin/../lib/gcc/avr/4.3.3/avr5\libgcc.a(_addsub_sf.o) (__unpack_f)
h:/avr/tools/eclipse/winavr-20100110/bin/../lib/gcc/avr/4.3.3/avr5\libgcc.a(_fpcmp_parts_sf.o)
                              h:/avr/tools/eclipse/winavr-20100110/bin/../lib/gcc/avr/4.3.3/avr5\libgcc.a(_ge_sf.o) (__fpcmp_parts_f)
h:/avr/tools/eclipse/winavr-20100110/bin/../lib/gcc/avr/4.3.3/avr5\libgcc.a(_clz.o)
                              h:/avr/tools/eclipse/winavr-20100110/bin/../lib/gcc/avr/4.3.3/avr5\libgcc.a(_clzsi2.o) (__clz_tab)
h:/avr/tools/eclipse/winavr-20100110/bin/../lib/gcc/avr/4.3.3/../../../../avr/lib/avr5\libc.a(strcat.o)
                              ./LCD.o (strcat)
h:/avr/tools/eclipse/winavr-20100110/bin/../lib/gcc/avr/4.3.3/../../../../avr/lib/avr5\libc.a(strncat.o)
                              ./LCD.o (strncat)
h:/avr/tools/eclipse/winavr-20100110/bin/../lib/gcc/avr/4.3.3/../../../../avr/lib/avr5\libc.a(sprintf.o)
                              ./LCD.o (sprintf)
h:/avr/tools/eclipse/winavr-20100110/bin/../lib/gcc/avr/4.3.3/../../../../avr/lib/avr5\libc.a(vfprintf_std.o)
                              h:/avr/tools/eclipse/winavr-20100110/bin/../lib/gcc/avr/4.3.3/../../../../avr/lib/avr5\libc.a(sprintf.o) (vfprintf)
h:/avr/tools/eclipse/winavr-20100110/bin/../lib/gcc/avr/4.3.3/../../../../avr/lib/avr5\libc.a(strnlen_P.o)
                              h:/avr/tools/eclipse/winavr-20100110/bin/../lib/gcc/avr/4.3.3/../../../../avr/lib/avr5\libc.a(vfprintf_std.o) (strnlen_P)
h:/avr/tools/eclipse/winavr-20100110/bin/../lib/gcc/avr/4.3.3/../../../../avr/lib/avr5\libc.a(strnlen.o)
                              h:/avr/tools/eclipse/winavr-20100110/bin/../lib/gcc/avr/4.3.3/../../../../avr/lib/avr5\libc.a(vfprintf_std.o) (strnlen)
h:/avr/tools/eclipse/winavr-20100110/bin/../lib/gcc/avr/4.3.3/../../../../avr/lib/avr5\libc.a(fputc.o)
                              h:/avr/tools/eclipse/winavr-20100110/bin/../lib/gcc/avr/4.3.3/../../../../avr/lib/avr5\libc.a(vfprintf_std.o) (fputc)
h:/avr/tools/eclipse/winavr-20100110/bin/../lib/gcc/avr/4.3.3/../../../../avr/lib/avr5\libc.a(ultoa_invert.o)
                              h:/avr/tools/eclipse/winavr-20100110/bin/../lib/gcc/avr/4.3.3/../../../../avr/lib/avr5\libc.a(vfprintf_std.o) (__ultoa_invert)

Allocating common symbols
Common symbol       size              file

Code                0x4               ./main.o
Str                 0x19              ./LCD.o
Code_str            0x10              ./main.o
Glob                0x2               ./Timer1.o
Prescaler           0x2               ./Timer1.o
Arg                 0x4               ./LCD.o
Ret                 0x1               ./main.o
GLOB_val            0x1               ./Timer2.o

Memory Configuration

Name             Origin             Length             Attributes
text             0x00000000         0x00020000         xr
data             0x00800060         0x0000ffa0         rw !x
eeprom           0x00810000         0x00010000         rw !x
fuse             0x00820000         0x00000400         rw !x
lock             0x00830000         0x00000400         rw !x
signature        0x00840000         0x00000400         rw !x
*default*        0x00000000         0xffffffff

Linker script and memory map

LOAD h:/avr/tools/eclipse/winavr-20100110/bin/../lib/gcc/avr/4.3.3/../../../../avr/lib/avr5/crtm32.o
LOAD ./Gpiodriver.o
LOAD ./Internal_Interrupts.o
LOAD ./Interrupts.o
LOAD ./LCD.o
LOAD ./Remote.o
LOAD ./Timer0.o
LOAD ./Timer1.o
LOAD ./Timer2.o
LOAD ./main.o
LOAD h:/avr/tools/eclipse/winavr-20100110/bin/../lib/gcc/avr/4.3.3/avr5\libgcc.a
LOAD h:/avr/tools/eclipse/winavr-20100110/bin/../lib/gcc/avr/4.3.3/../../../../avr/lib/avr5\libc.a
LOAD h:/avr/tools/eclipse/winavr-20100110/bin/../lib/gcc/avr/4.3.3/avr5\libgcc.a

.hash
 *(.hash)

.dynsym
 *(.dynsym)

.dynstr
 *(.dynstr)

.gnu.version
 *(.gnu.version)

.gnu.version_d
 *(.gnu.version_d)

.gnu.version_r
 *(.gnu.version_r)

.rel.init
 *(.rel.init)

.rela.init
 *(.rela.init)

.rel.text
 *(.rel.text)
 *(.rel.text.*)
 *(.rel.gnu.linkonce.t*)

.rela.text
 *(.rela.text)
 *(.rela.text.*)
 *(.rela.gnu.linkonce.t*)

.rel.fini
 *(.rel.fini)

.rela.fini
 *(.rela.fini)

.rel.rodata
 *(.rel.rodata)
 *(.rel.rodata.*)
 *(.rel.gnu.linkonce.r*)

.rela.rodata
 *(.rela.rodata)
 *(.rela.rodata.*)
 *(.rela.gnu.linkonce.r*)

.rel.data
 *(.rel.data)
 *(.rel.data.*)
 *(.rel.gnu.linkonce.d*)

.rela.data
 *(.rela.data)
 *(.rela.data.*)
 *(.rela.gnu.linkonce.d*)

.rel.ctors
 *(.rel.ctors)

.rela.ctors
 *(.rela.ctors)

.rel.dtors
 *(.rel.dtors)

.rela.dtors
 *(.rela.dtors)

.rel.got
 *(.rel.got)

.rela.got
 *(.rela.got)

.rel.bss
 *(.rel.bss)

.rela.bss
 *(.rela.bss)

.rel.plt
 *(.rel.plt)

.rela.plt
 *(.rela.plt)

.text           0x00000000     0x34e2
 *(.vectors)
 .vectors       0x00000000       0x54 h:/avr/tools/eclipse/winavr-20100110/bin/../lib/gcc/avr/4.3.3/../../../../avr/lib/avr5/crtm32.o
                0x00000000                __vectors
                0x00000000                __vector_default
 *(.vectors)
 *(.progmem.gcc*)
 *(.progmem*)
                0x00000054                . = ALIGN (0x2)
                0x00000054                __trampolines_start = .
 *(.trampolines)
 .trampolines   0x00000054        0x0 linker stubs
 *(.trampolines*)
                0x00000054                __trampolines_end = .
 *(.jumptables)
 *(.jumptables*)
 *(.lowtext)
 *(.lowtext*)
                0x00000054                __ctors_start = .
 *(.ctors)
                0x00000054                __ctors_end = .
                0x00000054                __dtors_start = .
 *(.dtors)
                0x00000054                __dtors_end = .
 SORT(*)(.ctors)
 SORT(*)(.dtors)
 *(.init0)
 .init0         0x00000054        0x0 h:/avr/tools/eclipse/winavr-20100110/bin/../lib/gcc/avr/4.3.3/../../../../avr/lib/avr5/crtm32.o
                0x00000054                __init
 *(.init0)
 *(.init1)
 *(.init1)
 *(.init2)
 .init2         0x00000054        0xc h:/avr/tools/eclipse/winavr-20100110/bin/../lib/gcc/avr/4.3.3/../../../../avr/lib/avr5/crtm32.o
 *(.init2)
 *(.init3)
 *(.init3)
 *(.init4)
 .init4         0x00000060       0x16 h:/avr/tools/eclipse/winavr-20100110/bin/../lib/gcc/avr/4.3.3/avr5\libgcc.a(_copy_data.o)
                0x00000060                __do_copy_data
 .init4         0x00000076       0x10 h:/avr/tools/eclipse/winavr-20100110/bin/../lib/gcc/avr/4.3.3/avr5\libgcc.a(_clear_bss.o)
                0x00000076                __do_clear_bss
 *(.init4)
 *(.init5)
 *(.init5)
 *(.init6)
 *(.init6)
 *(.init7)
 *(.init7)
 *(.init8)
 *(.init8)
 *(.init9)
 .init9         0x00000086        0x8 h:/avr/tools/eclipse/winavr-20100110/bin/../lib/gcc/avr/4.3.3/../../../../avr/lib/avr5/crtm32.o
 *(.init9)
 *(.text)
 .text          0x0000008e        0x4 h:/avr/tools/eclipse/winavr-20100110/bin/../lib/gcc/avr/4.3.3/../../../../avr/lib/avr5/crtm32.o
                0x0000008e                __vector_12
                0x0000008e                __bad_interrupt
                0x0000008e                __vector_11
                0x0000008e                __vector_13
                0x0000008e                __vector_17
                0x0000008e                __vector_19
                0x0000008e                __vector_7
                0x0000008e                __vector_4
                0x0000008e                __vector_15
                0x0000008e                __vector_8
                0x0000008e                __vector_14
                0x0000008e                __vector_10
                0x0000008e                __vector_16
                0x0000008e                __vector_18
                0x0000008e                __vector_20
 .text          0x00000092        0x0 ./Gpiodriver.o
 .text          0x00000092        0x0 ./Internal_Interrupts.o
 .text          0x00000092        0x0 ./Interrupts.o
 .text          0x00000092        0x0 ./LCD.o
 .text          0x00000092        0x0 ./Remote.o
 .text          0x00000092        0x0 ./Timer0.o
 .text          0x00000092        0x0 ./Timer1.o
 .text          0x00000092        0x0 ./Timer2.o
 .text          0x00000092        0x0 ./main.o
 .text          0x00000092        0x0 h:/avr/tools/eclipse/winavr-20100110/bin/../lib/gcc/avr/4.3.3/avr5\libgcc.a(_divmodsi4.o)
 .text          0x00000092        0x0 h:/avr/tools/eclipse/winavr-20100110/bin/../lib/gcc/avr/4.3.3/avr5\libgcc.a(_exit.o)
 .text          0x00000092        0x0 h:/avr/tools/eclipse/winavr-20100110/bin/../lib/gcc/avr/4.3.3/avr5\libgcc.a(_copy_data.o)
 .text          0x00000092        0x0 h:/avr/tools/eclipse/winavr-20100110/bin/../lib/gcc/avr/4.3.3/avr5\libgcc.a(_clear_bss.o)
 .text          0x00000092       0x58 h:/avr/tools/eclipse/winavr-20100110/bin/../lib/gcc/avr/4.3.3/avr5\libgcc.a(_fixunssfsi.o)
                0x00000092                __fixunssfsi
 .text          0x000000ea      0x354 h:/avr/tools/eclipse/winavr-20100110/bin/../lib/gcc/avr/4.3.3/avr5\libgcc.a(_addsub_sf.o)
                0x00000382                __subsf3
                0x000003e4                __addsf3
 .text          0x0000043e      0x1f4 h:/avr/tools/eclipse/winavr-20100110/bin/../lib/gcc/avr/4.3.3/avr5\libgcc.a(_mul_sf.o)
                0x0000043e                __mulsf3
 .text          0x00000632      0x158 h:/avr/tools/eclipse/winavr-20100110/bin/../lib/gcc/avr/4.3.3/avr5\libgcc.a(_div_sf.o)
                0x00000632                __divsf3
 .text          0x0000078a       0x60 h:/avr/tools/eclipse/winavr-20100110/bin/../lib/gcc/avr/4.3.3/avr5\libgcc.a(_ge_sf.o)
                0x0000078a                __gesf2
 .text          0x000007ea       0xbc h:/avr/tools/eclipse/winavr-20100110/bin/../lib/gcc/avr/4.3.3/avr5\libgcc.a(_si_to_sf.o)
                0x000007ea                __floatsisf
 .text          0x000008a6       0xa8 h:/avr/tools/eclipse/winavr-20100110/bin/../lib/gcc/avr/4.3.3/avr5\libgcc.a(_sf_to_si.o)
                0x000008a6                __fixsfsi
 .text          0x0000094e        0x0 h:/avr/tools/eclipse/winavr-20100110/bin/../lib/gcc/avr/4.3.3/avr5\libgcc.a(_thenan_sf.o)
 .text          0x0000094e       0xf2 h:/avr/tools/eclipse/winavr-20100110/bin/../lib/gcc/avr/4.3.3/avr5\libgcc.a(_usi_to_sf.o)
                0x0000094e                __floatunsisf
 .text          0x00000a40        0x0 h:/avr/tools/eclipse/winavr-20100110/bin/../lib/gcc/avr/4.3.3/avr5\libgcc.a(_udivmodsi4.o)
 .text          0x00000a40        0x0 h:/avr/tools/eclipse/winavr-20100110/bin/../lib/gcc/avr/4.3.3/avr5\libgcc.a(_prologue.o)
 .text          0x00000a40        0x0 h:/avr/tools/eclipse/winavr-20100110/bin/../lib/gcc/avr/4.3.3/avr5\libgcc.a(_epilogue.o)
 .text          0x00000a40       0x9e h:/avr/tools/eclipse/winavr-20100110/bin/../lib/gcc/avr/4.3.3/avr5\libgcc.a(_clzsi2.o)
                0x00000a40                __clzsi2
 .text          0x00000ade      0x1aa h:/avr/tools/eclipse/winavr-20100110/bin/../lib/gcc/avr/4.3.3/avr5\libgcc.a(_pack_sf.o)
                0x00000ade                __pack_f
 .text          0x00000c88       0xf0 h:/avr/tools/eclipse/winavr-20100110/bin/../lib/gcc/avr/4.3.3/avr5\libgcc.a(_unpack_sf.o)
                0x00000c88                __unpack_f
 .text          0x00000d78       0xb2 h:/avr/tools/eclipse/winavr-20100110/bin/../lib/gcc/avr/4.3.3/avr5\libgcc.a(_fpcmp_parts_sf.o)
                0x00000d78                __fpcmp_parts_f
 .text          0x00000e2a        0x0 h:/avr/tools/eclipse/winavr-20100110/bin/../lib/gcc/avr/4.3.3/avr5\libgcc.a(_clz.o)
 .text          0x00000e2a        0x0 h:/avr/tools/eclipse/winavr-20100110/bin/../lib/gcc/avr/4.3.3/../../../../avr/lib/avr5\libc.a(strcat.o)
 .text          0x00000e2a        0x0 h:/avr/tools/eclipse/winavr-20100110/bin/../lib/gcc/avr/4.3.3/../../../../avr/lib/avr5\libc.a(strncat.o)
 .text          0x00000e2a        0x0 h:/avr/tools/eclipse/winavr-20100110/bin/../lib/gcc/avr/4.3.3/../../../../avr/lib/avr5\libc.a(sprintf.o)
 .text          0x00000e2a        0x0 h:/avr/tools/eclipse/winavr-20100110/bin/../lib/gcc/avr/4.3.3/../../../../avr/lib/avr5\libc.a(vfprintf_std.o)
 .text          0x00000e2a        0x0 h:/avr/tools/eclipse/winavr-20100110/bin/../lib/gcc/avr/4.3.3/../../../../avr/lib/avr5\libc.a(strnlen_P.o)
 .text          0x00000e2a        0x0 h:/avr/tools/eclipse/winavr-20100110/bin/../lib/gcc/avr/4.3.3/../../../../avr/lib/avr5\libc.a(strnlen.o)
 .text          0x00000e2a        0x0 h:/avr/tools/eclipse/winavr-20100110/bin/../lib/gcc/avr/4.3.3/../../../../avr/lib/avr5\libc.a(fputc.o)
 .text          0x00000e2a        0x0 h:/avr/tools/eclipse/winavr-20100110/bin/../lib/gcc/avr/4.3.3/../../../../avr/lib/avr5\libc.a(ultoa_invert.o)
                0x00000e2a                . = ALIGN (0x2)
 *(.text.*)
 .text.GPIO_PIN_CONFIG
                0x00000e2a      0x10c ./Gpiodriver.o
                0x00000e2a                GPIO_PIN_CONFIG
 .text.GPIO_PIN_READ
                0x00000f36       0x3e ./Gpiodriver.o
                0x00000f36                GPIO_PIN_READ
 .text.GPIO_PIN_WRITE
                0x00000f74       0x78 ./Gpiodriver.o
                0x00000f74                GPIO_PIN_WRITE
 .text.GPIO_PIN_Toggle
                0x00000fec       0x3e ./Gpiodriver.o
                0x00000fec                GPIO_PIN_Toggle
 .text.GPIO_PORT_CONFIG
                0x0000102a       0x20 ./Gpiodriver.o
                0x0000102a                GPIO_PORT_CONFIG
 .text.GPIO_PORT_WRITE
                0x0000104a       0x20 ./Gpiodriver.o
                0x0000104a                GPIO_PORT_WRITE
 .text.GPIO_PORT_READ
                0x0000106a       0x2a ./Gpiodriver.o
                0x0000106a                GPIO_PORT_READ
 .text.GPIO_PORT_Toggle
                0x00001094       0x24 ./Gpiodriver.o
                0x00001094                GPIO_PORT_Toggle
 .text.__vector_5
                0x000010b8       0x48 ./Internal_Interrupts.o
                0x000010b8                __vector_5
 .text.__vector_6
                0x00001100       0x48 ./Internal_Interrupts.o
                0x00001100                __vector_6
 .text.__vector_9
                0x00001148       0x48 ./Internal_Interrupts.o
                0x00001148                __vector_9
 .text.EXT_Int_init
                0x00001190      0x11c ./Interrupts.o
                0x00001190                EXT_Int_init
 .text.INT0_ISR_
                0x000012ac       0x16 ./Interrupts.o
                0x000012ac                INT0_ISR_
 .text.INT1_ISR_
                0x000012c2       0x16 ./Interrupts.o
                0x000012c2                INT1_ISR_
 .text.INT2_ISR_
                0x000012d8       0x16 ./Interrupts.o
                0x000012d8                INT2_ISR_
 .text.__vector_1
                0x000012ee       0x48 ./Interrupts.o
                0x000012ee                __vector_1
 .text.__vector_2
                0x00001336       0x48 ./Interrupts.o
                0x00001336                __vector_2
 .text.__vector_3
                0x0000137e       0x48 ./Interrupts.o
                0x0000137e                __vector_3
 .text.convert_int_to_Hex
                0x000013c6       0x6c ./LCD.o
                0x000013c6                convert_int_to_Hex
 .text.convert_int_to_string
                0x00001432       0x6c ./LCD.o
                0x00001432                convert_int_to_string
 .text.convert_short_to_string
                0x0000149e       0x62 ./LCD.o
                0x0000149e                convert_short_to_string
 .text.convert_byte_to_string
                0x00001500       0x64 ./LCD.o
                0x00001500                convert_byte_to_string
 .text.LCD_ENABLE_8BITS
                0x00001564       0x2e ./LCD.o
 .text.LCD_8BIT_SEND_CMD
                0x00001592       0x68 ./LCD.o
                0x00001592                LCD_8BIT_SEND_CMD
 .text.LCD_8BIT_SET_POS
                0x000015fa       0x36 ./LCD.o
                0x000015fa                LCD_8BIT_SET_POS
 .text.LCD_8BIT_SEND
                0x00001630       0x68 ./LCD.o
                0x00001630                LCD_8BIT_SEND
 .text.LCD_8BIT_SEND_STRING
                0x00001698       0x3c ./LCD.o
                0x00001698                LCD_8BIT_SEND_STRING
 .text.LCD_8BIT_SEND_STRING_POS
                0x000016d4       0x26 ./LCD.o
                0x000016d4                LCD_8BIT_SEND_STRING_POS
 .text.LCD_8BIT_SEND_POS
                0x000016fa       0x22 ./LCD.o
                0x000016fa                LCD_8BIT_SEND_POS
 .text.LCD_8bit_send_custom_character
                0x0000171c       0x74 ./LCD.o
                0x0000171c                LCD_8bit_send_custom_character
 .text.LCD_SEND_4BITS
                0x00001790       0x58 ./LCD.o
 .text.LCD_ENABLE_4BITS
                0x000017e8       0x2e ./LCD.o
 .text.LCD_4BIT_SEND_CMD
                0x00001816       0x4c ./LCD.o
                0x00001816                LCD_4BIT_SEND_CMD
 .text.LCD_4BIT_SET_POS
                0x00001862       0x36 ./LCD.o
                0x00001862                LCD_4BIT_SET_POS
 .text.LCD_4BIT_SEND
                0x00001898       0x4c ./LCD.o
                0x00001898                LCD_4BIT_SEND
 .text.LCD_4BIT_SEND_POS
                0x000018e4       0x22 ./LCD.o
                0x000018e4                LCD_4BIT_SEND_POS
 .text.LCD_4bit_send_custom_character
                0x00001906       0x72 ./LCD.o
                0x00001906                LCD_4bit_send_custom_character
 .text.LCD_4BIT_SEND_STRING
                0x00001978       0x3c ./LCD.o
                0x00001978                LCD_4BIT_SEND_STRING
 .text.LCD_4BIT_SEND_STRING_POS
                0x000019b4       0x26 ./LCD.o
                0x000019b4                LCD_4BIT_SEND_STRING_POS
 .text.LCD_8BIT_INIT
                0x000019da      0x102 ./LCD.o
                0x000019da                LCD_8BIT_INIT
 .text.LCD_4BIT_INIT
                0x00001adc      0x102 ./LCD.o
                0x00001adc                LCD_4BIT_INIT
 .text.LCD_PRINT_4BITS
                0x00001bde      0x292 ./LCD.o
                0x00001bde                LCD_PRINT_4BITS
 .text.TIMER2_OVF_INC
                0x00001e70       0x28 ./Remote.o
                0x00001e70                TIMER2_OVF_INC
 .text.IR_Read  0x00001e98      0x2d4 ./Remote.o
                0x00001e98                IR_Read
 .text.IR_INIT  0x0000216c       0x66 ./Remote.o
                0x0000216c                IR_INIT
 .text.Timer0_init
                0x000021d2      0x138 ./Timer0.o
                0x000021d2                Timer0_init
 .text.Timer0_Setduty
                0x0000230a       0x34 ./Timer0.o
                0x0000230a                Timer0_Setduty
 .text.TIMER1_SET_DUTY
                0x0000233e      0x2e0 ./Timer1.o
                0x0000233e                TIMER1_SET_DUTY
 .text.TIMER1_SET_Freq
                0x0000261e      0x154 ./Timer1.o
                0x0000261e                TIMER1_SET_Freq
 .text.TIMER1_INIT
                0x00002772      0x3d2 ./Timer1.o
                0x00002772                TIMER1_INIT
 .text.TIMER1_SET_VAL
                0x00002b44       0x10 ./Timer1.o
                0x00002b44                TIMER1_SET_VAL
 .text.TIMER1_GET_VAL
                0x00002b54       0x24 ./Timer1.o
                0x00002b54                TIMER1_GET_VAL
 .text.TIMER1_delay_polling
                0x00002b78       0x26 ./Timer1.o
                0x00002b78                TIMER1_delay_polling
 .text.Timer1_ovf_ISR
                0x00002b9e        0x2 ./Timer1.o
                0x00002b9e                Timer1_ovf_ISR
 .text.Timer1_capt_ISR
                0x00002ba0        0x2 ./Timer1.o
                0x00002ba0                Timer1_capt_ISR
 .text.Timer2_Setduty
                0x00002ba2       0x34 ./Timer2.o
                0x00002ba2                Timer2_Setduty
 .text.Timer2_init
                0x00002bd6      0x188 ./Timer2.o
                0x00002bd6                Timer2_init
 .text.Timer2_set_Val
                0x00002d5e        0x6 ./Timer2.o
                0x00002d5e                Timer2_set_Val
 .text.Timer2_get_Val
                0x00002d64       0x12 ./Timer2.o
                0x00002d64                Timer2_get_Val
 .text.Timer2_delay_polling
                0x00002d76       0x32 ./Timer2.o
                0x00002d76                Timer2_delay_polling
 .text.Timer2_ovf_ISR
                0x00002da8       0x1c ./Timer2.o
                0x00002da8                Timer2_ovf_ISR
 .text.main     0x00002dc4       0xba ./main.o
                0x00002dc4                main
 .text.libgcc   0x00002e7e       0x36 h:/avr/tools/eclipse/winavr-20100110/bin/../lib/gcc/avr/4.3.3/avr5\libgcc.a(_divmodsi4.o)
                0x00002e7e                __divmodsi4
 .text.libgcc   0x00002eb4        0x0 h:/avr/tools/eclipse/winavr-20100110/bin/../lib/gcc/avr/4.3.3/avr5\libgcc.a(_exit.o)
 .text.libgcc   0x00002eb4        0x0 h:/avr/tools/eclipse/winavr-20100110/bin/../lib/gcc/avr/4.3.3/avr5\libgcc.a(_copy_data.o)
 .text.libgcc   0x00002eb4        0x0 h:/avr/tools/eclipse/winavr-20100110/bin/../lib/gcc/avr/4.3.3/avr5\libgcc.a(_clear_bss.o)
 .text.libgcc   0x00002eb4       0x44 h:/avr/tools/eclipse/winavr-20100110/bin/../lib/gcc/avr/4.3.3/avr5\libgcc.a(_udivmodsi4.o)
                0x00002eb4                __udivmodsi4
 .text.libgcc   0x00002ef8       0x38 h:/avr/tools/eclipse/winavr-20100110/bin/../lib/gcc/avr/4.3.3/avr5\libgcc.a(_prologue.o)
                0x00002ef8                __prologue_saves__
 .text.libgcc   0x00002f30       0x36 h:/avr/tools/eclipse/winavr-20100110/bin/../lib/gcc/avr/4.3.3/avr5\libgcc.a(_epilogue.o)
                0x00002f30                __epilogue_restores__
 .text.avr-libc
                0x00002f66       0x16 h:/avr/tools/eclipse/winavr-20100110/bin/../lib/gcc/avr/4.3.3/../../../../avr/lib/avr5\libc.a(strcat.o)
                0x00002f66                strcat
 .text.avr-libc
                0x00002f7c       0x20 h:/avr/tools/eclipse/winavr-20100110/bin/../lib/gcc/avr/4.3.3/../../../../avr/lib/avr5\libc.a(strncat.o)
                0x00002f7c                strncat
 .text.avr-libc
                0x00002f9c       0x48 h:/avr/tools/eclipse/winavr-20100110/bin/../lib/gcc/avr/4.3.3/../../../../avr/lib/avr5\libc.a(sprintf.o)
                0x00002f9c                sprintf
 .text.avr-libc
                0x00002fe4      0x3ba h:/avr/tools/eclipse/winavr-20100110/bin/../lib/gcc/avr/4.3.3/../../../../avr/lib/avr5\libc.a(vfprintf_std.o)
                0x00002fe4                vfprintf
 .text.avr-libc
                0x0000339e       0x16 h:/avr/tools/eclipse/winavr-20100110/bin/../lib/gcc/avr/4.3.3/../../../../avr/lib/avr5\libc.a(strnlen_P.o)
                0x0000339e                strnlen_P
 .text.avr-libc
                0x000033b4       0x16 h:/avr/tools/eclipse/winavr-20100110/bin/../lib/gcc/avr/4.3.3/../../../../avr/lib/avr5\libc.a(strnlen.o)
                0x000033b4                strnlen
 .text.avr-libc
                0x000033ca       0x58 h:/avr/tools/eclipse/winavr-20100110/bin/../lib/gcc/avr/4.3.3/../../../../avr/lib/avr5\libc.a(fputc.o)
                0x000033ca                fputc
 .text.avr-libc
                0x00003422       0xbc h:/avr/tools/eclipse/winavr-20100110/bin/../lib/gcc/avr/4.3.3/../../../../avr/lib/avr5\libc.a(ultoa_invert.o)
                0x00003422                __ultoa_invert
                0x000034de                . = ALIGN (0x2)
 *(.fini9)
 .fini9         0x000034de        0x0 h:/avr/tools/eclipse/winavr-20100110/bin/../lib/gcc/avr/4.3.3/avr5\libgcc.a(_exit.o)
                0x000034de                exit
                0x000034de                _exit
 *(.fini9)
 *(.fini8)
 *(.fini8)
 *(.fini7)
 *(.fini7)
 *(.fini6)
 *(.fini6)
 *(.fini5)
 *(.fini5)
 *(.fini4)
 *(.fini4)
 *(.fini3)
 *(.fini3)
 *(.fini2)
 *(.fini2)
 *(.fini1)
 *(.fini1)
 *(.fini0)
 .fini0         0x000034de        0x4 h:/avr/tools/eclipse/winavr-20100110/bin/../lib/gcc/avr/4.3.3/avr5\libgcc.a(_exit.o)
 *(.fini0)
                0x000034e2                _etext = .

.data           0x00800060      0x142 load address 0x000034e2
                0x00800060                PROVIDE (__data_start, .)
 *(.data)
 .data          0x00800060        0x0 h:/avr/tools/eclipse/winavr-20100110/bin/../lib/gcc/avr/4.3.3/../../../../avr/lib/avr5/crtm32.o
 .data          0x00800060        0x0 ./Gpiodriver.o
 .data          0x00800060        0x0 ./Internal_Interrupts.o
 .data          0x00800060        0x0 ./Interrupts.o
 .data          0x00800060        0xf ./LCD.o
 .data          0x0080006f        0x0 ./Remote.o
 .data          0x0080006f        0x0 ./Timer0.o
 .data          0x0080006f        0x0 ./Timer1.o
 .data          0x0080006f        0x0 ./Timer2.o
 .data          0x0080006f        0xc ./main.o
 .data          0x0080007b        0x0 h:/avr/tools/eclipse/winavr-20100110/bin/../lib/gcc/avr/4.3.3/avr5\libgcc.a(_divmodsi4.o)
 .data          0x0080007b        0x0 h:/avr/tools/eclipse/winavr-20100110/bin/../lib/gcc/avr/4.3.3/avr5\libgcc.a(_exit.o)
 .data          0x0080007b        0x0 h:/avr/tools/eclipse/winavr-20100110/bin/../lib/gcc/avr/4.3.3/avr5\libgcc.a(_copy_data.o)
 .data          0x0080007b        0x0 h:/avr/tools/eclipse/winavr-20100110/bin/../lib/gcc/avr/4.3.3/avr5\libgcc.a(_clear_bss.o)
 .data          0x0080007b        0x0 h:/avr/tools/eclipse/winavr-20100110/bin/../lib/gcc/avr/4.3.3/avr5\libgcc.a(_fixunssfsi.o)
 .data          0x0080007b        0x0 h:/avr/tools/eclipse/winavr-20100110/bin/../lib/gcc/avr/4.3.3/avr5\libgcc.a(_addsub_sf.o)
 .data          0x0080007b        0x0 h:/avr/tools/eclipse/winavr-20100110/bin/../lib/gcc/avr/4.3.3/avr5\libgcc.a(_mul_sf.o)
 .data          0x0080007b        0x0 h:/avr/tools/eclipse/winavr-20100110/bin/../lib/gcc/avr/4.3.3/avr5\libgcc.a(_div_sf.o)
 .data          0x0080007b        0x0 h:/avr/tools/eclipse/winavr-20100110/bin/../lib/gcc/avr/4.3.3/avr5\libgcc.a(_ge_sf.o)
 .data          0x0080007b        0x0 h:/avr/tools/eclipse/winavr-20100110/bin/../lib/gcc/avr/4.3.3/avr5\libgcc.a(_si_to_sf.o)
 .data          0x0080007b        0x0 h:/avr/tools/eclipse/winavr-20100110/bin/../lib/gcc/avr/4.3.3/avr5\libgcc.a(_sf_to_si.o)
 .data          0x0080007b        0x8 h:/avr/tools/eclipse/winavr-20100110/bin/../lib/gcc/avr/4.3.3/avr5\libgcc.a(_thenan_sf.o)
                0x0080007b                __thenan_sf
 .data          0x00800083        0x0 h:/avr/tools/eclipse/winavr-20100110/bin/../lib/gcc/avr/4.3.3/avr5\libgcc.a(_usi_to_sf.o)
 .data          0x00800083        0x0 h:/avr/tools/eclipse/winavr-20100110/bin/../lib/gcc/avr/4.3.3/avr5\libgcc.a(_udivmodsi4.o)
 .data          0x00800083        0x0 h:/avr/tools/eclipse/winavr-20100110/bin/../lib/gcc/avr/4.3.3/avr5\libgcc.a(_prologue.o)
 .data          0x00800083        0x0 h:/avr/tools/eclipse/winavr-20100110/bin/../lib/gcc/avr/4.3.3/avr5\libgcc.a(_epilogue.o)
 .data          0x00800083        0x0 h:/avr/tools/eclipse/winavr-20100110/bin/../lib/gcc/avr/4.3.3/avr5\libgcc.a(_clzsi2.o)
 .data          0x00800083        0x0 h:/avr/tools/eclipse/winavr-20100110/bin/../lib/gcc/avr/4.3.3/avr5\libgcc.a(_pack_sf.o)
 .data          0x00800083        0x0 h:/avr/tools/eclipse/winavr-20100110/bin/../lib/gcc/avr/4.3.3/avr5\libgcc.a(_unpack_sf.o)
 .data          0x00800083        0x0 h:/avr/tools/eclipse/winavr-20100110/bin/../lib/gcc/avr/4.3.3/avr5\libgcc.a(_fpcmp_parts_sf.o)
 .data          0x00800083      0x100 h:/avr/tools/eclipse/winavr-20100110/bin/../lib/gcc/avr/4.3.3/avr5\libgcc.a(_clz.o)
                0x00800083                __clz_tab
 .data          0x00800183        0x0 h:/avr/tools/eclipse/winavr-20100110/bin/../lib/gcc/avr/4.3.3/../../../../avr/lib/avr5\libc.a(strcat.o)
 .data          0x00800183        0x0 h:/avr/tools/eclipse/winavr-20100110/bin/../lib/gcc/avr/4.3.3/../../../../avr/lib/avr5\libc.a(strncat.o)
 .data          0x00800183        0x0 h:/avr/tools/eclipse/winavr-20100110/bin/../lib/gcc/avr/4.3.3/../../../../avr/lib/avr5\libc.a(sprintf.o)
 .data          0x00800183        0x0 h:/avr/tools/eclipse/winavr-20100110/bin/../lib/gcc/avr/4.3.3/../../../../avr/lib/avr5\libc.a(vfprintf_std.o)
 .data          0x00800183        0x0 h:/avr/tools/eclipse/winavr-20100110/bin/../lib/gcc/avr/4.3.3/../../../../avr/lib/avr5\libc.a(strnlen_P.o)
 .data          0x00800183        0x0 h:/avr/tools/eclipse/winavr-20100110/bin/../lib/gcc/avr/4.3.3/../../../../avr/lib/avr5\libc.a(strnlen.o)
 .data          0x00800183        0x0 h:/avr/tools/eclipse/winavr-20100110/bin/../lib/gcc/avr/4.3.3/../../../../avr/lib/avr5\libc.a(fputc.o)
 .data          0x00800183        0x0 h:/avr/tools/eclipse/winavr-20100110/bin/../lib/gcc/avr/4.3.3/../../../../avr/lib/avr5\libc.a(ultoa_invert.o)
 *(.data*)
 .data.PORTX_REGS
                0x00800183        0x8 ./Gpiodriver.o
                0x00800183                PORTX_REGS
 .data.DDRX_REGS
                0x0080018b        0x8 ./Gpiodriver.o
                0x0080018b                DDRX_REGS
 .data.PINX_REGS
                0x00800193        0x8 ./Gpiodriver.o
                0x00800193                PINX_REGS
 .data.LCD      0x0080019b        0x7 ./main.o
                0x0080019b                LCD
 *(.rodata)
 *(.rodata*)
 *(.gnu.linkonce.d*)
                0x008001a2                . = ALIGN (0x2)
                0x008001a2                _edata = .
                0x008001a2                PROVIDE (__data_end, .)

.bss            0x008001a2       0x4a
                0x008001a2                PROVIDE (__bss_start, .)
 *(.bss)
 .bss           0x008001a2        0x0 h:/avr/tools/eclipse/winavr-20100110/bin/../lib/gcc/avr/4.3.3/../../../../avr/lib/avr5/crtm32.o
 .bss           0x008001a2        0x0 ./Gpiodriver.o
 .bss           0x008001a2        0x0 ./Internal_Interrupts.o
 .bss           0x008001a2        0x0 ./Interrupts.o
 .bss           0x008001a2        0x0 ./LCD.o
 .bss           0x008001a2        0x0 ./Remote.o
 .bss           0x008001a2        0x0 ./Timer0.o
 .bss           0x008001a2        0x0 ./Timer1.o
 .bss           0x008001a2        0x0 ./Timer2.o
 .bss           0x008001a2        0x0 ./main.o
 .bss           0x008001a2        0x0 h:/avr/tools/eclipse/winavr-20100110/bin/../lib/gcc/avr/4.3.3/avr5\libgcc.a(_divmodsi4.o)
 .bss           0x008001a2        0x0 h:/avr/tools/eclipse/winavr-20100110/bin/../lib/gcc/avr/4.3.3/avr5\libgcc.a(_exit.o)
 .bss           0x008001a2        0x0 h:/avr/tools/eclipse/winavr-20100110/bin/../lib/gcc/avr/4.3.3/avr5\libgcc.a(_copy_data.o)
 .bss           0x008001a2        0x0 h:/avr/tools/eclipse/winavr-20100110/bin/../lib/gcc/avr/4.3.3/avr5\libgcc.a(_clear_bss.o)
 .bss           0x008001a2        0x0 h:/avr/tools/eclipse/winavr-20100110/bin/../lib/gcc/avr/4.3.3/avr5\libgcc.a(_fixunssfsi.o)
 .bss           0x008001a2        0x0 h:/avr/tools/eclipse/winavr-20100110/bin/../lib/gcc/avr/4.3.3/avr5\libgcc.a(_addsub_sf.o)
 .bss           0x008001a2        0x0 h:/avr/tools/eclipse/winavr-20100110/bin/../lib/gcc/avr/4.3.3/avr5\libgcc.a(_mul_sf.o)
 .bss           0x008001a2        0x0 h:/avr/tools/eclipse/winavr-20100110/bin/../lib/gcc/avr/4.3.3/avr5\libgcc.a(_div_sf.o)
 .bss           0x008001a2        0x0 h:/avr/tools/eclipse/winavr-20100110/bin/../lib/gcc/avr/4.3.3/avr5\libgcc.a(_ge_sf.o)
 .bss           0x008001a2        0x0 h:/avr/tools/eclipse/winavr-20100110/bin/../lib/gcc/avr/4.3.3/avr5\libgcc.a(_si_to_sf.o)
 .bss           0x008001a2        0x0 h:/avr/tools/eclipse/winavr-20100110/bin/../lib/gcc/avr/4.3.3/avr5\libgcc.a(_sf_to_si.o)
 .bss           0x008001a2        0x0 h:/avr/tools/eclipse/winavr-20100110/bin/../lib/gcc/avr/4.3.3/avr5\libgcc.a(_thenan_sf.o)
 .bss           0x008001a2        0x0 h:/avr/tools/eclipse/winavr-20100110/bin/../lib/gcc/avr/4.3.3/avr5\libgcc.a(_usi_to_sf.o)
 .bss           0x008001a2        0x0 h:/avr/tools/eclipse/winavr-20100110/bin/../lib/gcc/avr/4.3.3/avr5\libgcc.a(_udivmodsi4.o)
 .bss           0x008001a2        0x0 h:/avr/tools/eclipse/winavr-20100110/bin/../lib/gcc/avr/4.3.3/avr5\libgcc.a(_prologue.o)
 .bss           0x008001a2        0x0 h:/avr/tools/eclipse/winavr-20100110/bin/../lib/gcc/avr/4.3.3/avr5\libgcc.a(_epilogue.o)
 .bss           0x008001a2        0x0 h:/avr/tools/eclipse/winavr-20100110/bin/../lib/gcc/avr/4.3.3/avr5\libgcc.a(_clzsi2.o)
 .bss           0x008001a2        0x0 h:/avr/tools/eclipse/winavr-20100110/bin/../lib/gcc/avr/4.3.3/avr5\libgcc.a(_pack_sf.o)
 .bss           0x008001a2        0x0 h:/avr/tools/eclipse/winavr-20100110/bin/../lib/gcc/avr/4.3.3/avr5\libgcc.a(_unpack_sf.o)
 .bss           0x008001a2        0x0 h:/avr/tools/eclipse/winavr-20100110/bin/../lib/gcc/avr/4.3.3/avr5\libgcc.a(_fpcmp_parts_sf.o)
 .bss           0x008001a2        0x0 h:/avr/tools/eclipse/winavr-20100110/bin/../lib/gcc/avr/4.3.3/avr5\libgcc.a(_clz.o)
 .bss           0x008001a2        0x0 h:/avr/tools/eclipse/winavr-20100110/bin/../lib/gcc/avr/4.3.3/../../../../avr/lib/avr5\libc.a(strcat.o)
 .bss           0x008001a2        0x0 h:/avr/tools/eclipse/winavr-20100110/bin/../lib/gcc/avr/4.3.3/../../../../avr/lib/avr5\libc.a(strncat.o)
 .bss           0x008001a2        0x0 h:/avr/tools/eclipse/winavr-20100110/bin/../lib/gcc/avr/4.3.3/../../../../avr/lib/avr5\libc.a(sprintf.o)
 .bss           0x008001a2        0x0 h:/avr/tools/eclipse/winavr-20100110/bin/../lib/gcc/avr/4.3.3/../../../../avr/lib/avr5\libc.a(vfprintf_std.o)
 .bss           0x008001a2        0x0 h:/avr/tools/eclipse/winavr-20100110/bin/../lib/gcc/avr/4.3.3/../../../../avr/lib/avr5\libc.a(strnlen_P.o)
 .bss           0x008001a2        0x0 h:/avr/tools/eclipse/winavr-20100110/bin/../lib/gcc/avr/4.3.3/../../../../avr/lib/avr5\libc.a(strnlen.o)
 .bss           0x008001a2        0x0 h:/avr/tools/eclipse/winavr-20100110/bin/../lib/gcc/avr/4.3.3/../../../../avr/lib/avr5\libc.a(fputc.o)
 .bss           0x008001a2        0x0 h:/avr/tools/eclipse/winavr-20100110/bin/../lib/gcc/avr/4.3.3/../../../../avr/lib/avr5\libc.a(ultoa_invert.o)
 *(.bss*)
 .bss.INT0_Callback_Ptr
                0x008001a2        0x2 ./Interrupts.o
 .bss.INT1_Callback_Ptr
                0x008001a4        0x2 ./Interrupts.o
 .bss.INT2_Callback_Ptr
                0x008001a6        0x2 ./Interrupts.o
 .bss.flag      0x008001a8        0x1 ./Remote.o
                0x008001a8                flag
 .bss.OVF_COUNT
                0x008001a9        0x4 ./Remote.o
                0x008001a9                OVF_COUNT
 .bss.INT_ovf_Callback
                0x008001ad        0x2 ./Timer2.o
                0x008001ad                INT_ovf_Callback
 .bss.Protcol   0x008001af        0x5 ./main.o
                0x008001af                Protcol
 .bss.Flag      0x008001b4        0x1 ./main.o
                0x008001b4                Flag
 *(COMMON)
 COMMON         0x008001b5       0x1d ./LCD.o
                0x008001b5                Str
                0x008001ce                Arg
 COMMON         0x008001d2        0x4 ./Timer1.o
                0x008001d2                Glob
                0x008001d4                Prescaler
 COMMON         0x008001d6        0x1 ./Timer2.o
                0x008001d6                GLOB_val
 COMMON         0x008001d7       0x15 ./main.o
                0x008001d7                Code
                0x008001db                Code_str
                0x008001eb                Ret
                0x008001ec                PROVIDE (__bss_end, .)
                0x000034e2                __data_load_start = LOADADDR (.data)
                0x00003624                __data_load_end = (__data_load_start + SIZEOF (.data))

.noinit         0x008001ec        0x0
                0x008001ec                PROVIDE (__noinit_start, .)
 *(.noinit*)
                0x008001ec                PROVIDE (__noinit_end, .)
                0x008001ec                _end = .
                0x008001ec                PROVIDE (__heap_start, .)

.eeprom         0x00810000        0x0
 *(.eeprom*)
                0x00810000                __eeprom_end = .

.fuse
 *(.fuse)
 *(.lfuse)
 *(.hfuse)
 *(.efuse)

.lock
 *(.lock*)

.signature
 *(.signature*)

.stab
 *(.stab)

.stabstr
 *(.stabstr)

.stab.excl
 *(.stab.excl)

.stab.exclstr
 *(.stab.exclstr)

.stab.index
 *(.stab.index)

.stab.indexstr
 *(.stab.indexstr)

.comment
 *(.comment)

.debug
 *(.debug)

.line
 *(.line)

.debug_srcinfo
 *(.debug_srcinfo)

.debug_sfnames
 *(.debug_sfnames)

.debug_aranges  0x00000000      0x448
 *(.debug_aranges)
 .debug_aranges
                0x00000000       0x58 ./Gpiodriver.o
 .debug_aranges
                0x00000058       0x30 ./Internal_Interrupts.o
 .debug_aranges
                0x00000088       0x50 ./Interrupts.o
 .debug_aranges
                0x000000d8       0xd8 ./LCD.o
 .debug_aranges
                0x000001b0       0x30 ./Remote.o
 .debug_aranges
                0x000001e0       0x28 ./Timer0.o
 .debug_aranges
                0x00000208       0x58 ./Timer1.o
 .debug_aranges
                0x00000260       0x48 ./Timer2.o
 .debug_aranges
                0x000002a8       0x20 ./main.o
 .debug_aranges
                0x000002c8       0x20 h:/avr/tools/eclipse/winavr-20100110/bin/../lib/gcc/avr/4.3.3/avr5\libgcc.a(_fixunssfsi.o)
 .debug_aranges
                0x000002e8       0x20 h:/avr/tools/eclipse/winavr-20100110/bin/../lib/gcc/avr/4.3.3/avr5\libgcc.a(_addsub_sf.o)
 .debug_aranges
                0x00000308       0x20 h:/avr/tools/eclipse/winavr-20100110/bin/../lib/gcc/avr/4.3.3/avr5\libgcc.a(_mul_sf.o)
 .debug_aranges
                0x00000328       0x20 h:/avr/tools/eclipse/winavr-20100110/bin/../lib/gcc/avr/4.3.3/avr5\libgcc.a(_div_sf.o)
 .debug_aranges
                0x00000348       0x20 h:/avr/tools/eclipse/winavr-20100110/bin/../lib/gcc/avr/4.3.3/avr5\libgcc.a(_ge_sf.o)
 .debug_aranges
                0x00000368       0x20 h:/avr/tools/eclipse/winavr-20100110/bin/../lib/gcc/avr/4.3.3/avr5\libgcc.a(_si_to_sf.o)
 .debug_aranges
                0x00000388       0x20 h:/avr/tools/eclipse/winavr-20100110/bin/../lib/gcc/avr/4.3.3/avr5\libgcc.a(_sf_to_si.o)
 .debug_aranges
                0x000003a8       0x20 h:/avr/tools/eclipse/winavr-20100110/bin/../lib/gcc/avr/4.3.3/avr5\libgcc.a(_usi_to_sf.o)
 .debug_aranges
                0x000003c8       0x20 h:/avr/tools/eclipse/winavr-20100110/bin/../lib/gcc/avr/4.3.3/avr5\libgcc.a(_clzsi2.o)
 .debug_aranges
                0x000003e8       0x20 h:/avr/tools/eclipse/winavr-20100110/bin/../lib/gcc/avr/4.3.3/avr5\libgcc.a(_pack_sf.o)
 .debug_aranges
                0x00000408       0x20 h:/avr/tools/eclipse/winavr-20100110/bin/../lib/gcc/avr/4.3.3/avr5\libgcc.a(_unpack_sf.o)
 .debug_aranges
                0x00000428       0x20 h:/avr/tools/eclipse/winavr-20100110/bin/../lib/gcc/avr/4.3.3/avr5\libgcc.a(_fpcmp_parts_sf.o)

.debug_pubnames
                0x00000000      0x7d5
 *(.debug_pubnames)
 .debug_pubnames
                0x00000000       0xdb ./Gpiodriver.o
 .debug_pubnames
                0x000000db       0x3f ./Internal_Interrupts.o
 .debug_pubnames
                0x0000011a       0x7a ./Interrupts.o
 .debug_pubnames
                0x00000194      0x21a ./LCD.o
 .debug_pubnames
                0x000003ae       0x54 ./Remote.o
 .debug_pubnames
                0x00000402       0x35 ./Timer0.o
 .debug_pubnames
                0x00000437       0xc7 ./Timer1.o
 .debug_pubnames
                0x000004fe       0xa9 ./Timer2.o
 .debug_pubnames
                0x000005a7       0x56 ./main.o
 .debug_pubnames
                0x000005fd       0x23 h:/avr/tools/eclipse/winavr-20100110/bin/../lib/gcc/avr/4.3.3/avr5\libgcc.a(_fixunssfsi.o)
 .debug_pubnames
                0x00000620       0x2c h:/avr/tools/eclipse/winavr-20100110/bin/../lib/gcc/avr/4.3.3/avr5\libgcc.a(_addsub_sf.o)
 .debug_pubnames
                0x0000064c       0x1f h:/avr/tools/eclipse/winavr-20100110/bin/../lib/gcc/avr/4.3.3/avr5\libgcc.a(_mul_sf.o)
 .debug_pubnames
                0x0000066b       0x1f h:/avr/tools/eclipse/winavr-20100110/bin/../lib/gcc/avr/4.3.3/avr5\libgcc.a(_div_sf.o)
 .debug_pubnames
                0x0000068a       0x1e h:/avr/tools/eclipse/winavr-20100110/bin/../lib/gcc/avr/4.3.3/avr5\libgcc.a(_ge_sf.o)
 .debug_pubnames
                0x000006a8       0x22 h:/avr/tools/eclipse/winavr-20100110/bin/../lib/gcc/avr/4.3.3/avr5\libgcc.a(_si_to_sf.o)
 .debug_pubnames
                0x000006ca       0x20 h:/avr/tools/eclipse/winavr-20100110/bin/../lib/gcc/avr/4.3.3/avr5\libgcc.a(_sf_to_si.o)
 .debug_pubnames
                0x000006ea       0x22 h:/avr/tools/eclipse/winavr-20100110/bin/../lib/gcc/avr/4.3.3/avr5\libgcc.a(_thenan_sf.o)
 .debug_pubnames
                0x0000070c       0x24 h:/avr/tools/eclipse/winavr-20100110/bin/../lib/gcc/avr/4.3.3/avr5\libgcc.a(_usi_to_sf.o)
 .debug_pubnames
                0x00000730       0x1f h:/avr/tools/eclipse/winavr-20100110/bin/../lib/gcc/avr/4.3.3/avr5\libgcc.a(_clzsi2.o)
 .debug_pubnames
                0x0000074f       0x1f h:/avr/tools/eclipse/winavr-20100110/bin/../lib/gcc/avr/4.3.3/avr5\libgcc.a(_pack_sf.o)
 .debug_pubnames
                0x0000076e       0x21 h:/avr/tools/eclipse/winavr-20100110/bin/../lib/gcc/avr/4.3.3/avr5\libgcc.a(_unpack_sf.o)
 .debug_pubnames
                0x0000078f       0x26 h:/avr/tools/eclipse/winavr-20100110/bin/../lib/gcc/avr/4.3.3/avr5\libgcc.a(_fpcmp_parts_sf.o)
 .debug_pubnames
                0x000007b5       0x20 h:/avr/tools/eclipse/winavr-20100110/bin/../lib/gcc/avr/4.3.3/avr5\libgcc.a(_clz.o)

.debug_info     0x00000000     0x4d5f
 *(.debug_info)
 .debug_info    0x00000000      0x406 ./Gpiodriver.o
 .debug_info    0x00000406       0xbe ./Internal_Interrupts.o
 .debug_info    0x000004c4      0x339 ./Interrupts.o
 .debug_info    0x000007fd      0xf04 ./LCD.o
 .debug_info    0x00001701      0x421 ./Remote.o
 .debug_info    0x00001b22      0x380 ./Timer0.o
 .debug_info    0x00001ea2      0x661 ./Timer1.o
 .debug_info    0x00002503      0x52f ./Timer2.o
 .debug_info    0x00002a32      0x219 ./main.o
 .debug_info    0x00002c4b       0xb1 h:/avr/tools/eclipse/winavr-20100110/bin/../lib/gcc/avr/4.3.3/avr5\libgcc.a(_fixunssfsi.o)
 .debug_info    0x00002cfc      0x47a h:/avr/tools/eclipse/winavr-20100110/bin/../lib/gcc/avr/4.3.3/avr5\libgcc.a(_addsub_sf.o)
 .debug_info    0x00003176      0x485 h:/avr/tools/eclipse/winavr-20100110/bin/../lib/gcc/avr/4.3.3/avr5\libgcc.a(_mul_sf.o)
 .debug_info    0x000035fb      0x3fc h:/avr/tools/eclipse/winavr-20100110/bin/../lib/gcc/avr/4.3.3/avr5\libgcc.a(_div_sf.o)
 .debug_info    0x000039f7      0x27f h:/avr/tools/eclipse/winavr-20100110/bin/../lib/gcc/avr/4.3.3/avr5\libgcc.a(_ge_sf.o)
 .debug_info    0x00003c76      0x207 h:/avr/tools/eclipse/winavr-20100110/bin/../lib/gcc/avr/4.3.3/avr5\libgcc.a(_si_to_sf.o)
 .debug_info    0x00003e7d      0x2b0 h:/avr/tools/eclipse/winavr-20100110/bin/../lib/gcc/avr/4.3.3/avr5\libgcc.a(_sf_to_si.o)
 .debug_info    0x0000412d      0x12c h:/avr/tools/eclipse/winavr-20100110/bin/../lib/gcc/avr/4.3.3/avr5\libgcc.a(_thenan_sf.o)
 .debug_info    0x00004259      0x206 h:/avr/tools/eclipse/winavr-20100110/bin/../lib/gcc/avr/4.3.3/avr5\libgcc.a(_usi_to_sf.o)
 .debug_info    0x0000445f      0x117 h:/avr/tools/eclipse/winavr-20100110/bin/../lib/gcc/avr/4.3.3/avr5\libgcc.a(_clzsi2.o)
 .debug_info    0x00004576      0x2df h:/avr/tools/eclipse/winavr-20100110/bin/../lib/gcc/avr/4.3.3/avr5\libgcc.a(_pack_sf.o)
 .debug_info    0x00004855      0x251 h:/avr/tools/eclipse/winavr-20100110/bin/../lib/gcc/avr/4.3.3/avr5\libgcc.a(_unpack_sf.o)
 .debug_info    0x00004aa6      0x210 h:/avr/tools/eclipse/winavr-20100110/bin/../lib/gcc/avr/4.3.3/avr5\libgcc.a(_fpcmp_parts_sf.o)
 .debug_info    0x00004cb6       0xa9 h:/avr/tools/eclipse/winavr-20100110/bin/../lib/gcc/avr/4.3.3/avr5\libgcc.a(_clz.o)
 *(.gnu.linkonce.wi.*)

.debug_abbrev   0x00000000     0x1f16
 *(.debug_abbrev)
 .debug_abbrev  0x00000000      0x141 ./Gpiodriver.o
 .debug_abbrev  0x00000141       0x43 ./Internal_Interrupts.o
 .debug_abbrev  0x00000184      0x17a ./Interrupts.o
 .debug_abbrev  0x000002fe      0x2d7 ./LCD.o
 .debug_abbrev  0x000005d5      0x17b ./Remote.o
 .debug_abbrev  0x00000750      0x134 ./Timer0.o
 .debug_abbrev  0x00000884      0x204 ./Timer1.o
 .debug_abbrev  0x00000a88      0x1a0 ./Timer2.o
 .debug_abbrev  0x00000c28       0xd4 ./main.o
 .debug_abbrev  0x00000cfc       0x5d h:/avr/tools/eclipse/winavr-20100110/bin/../lib/gcc/avr/4.3.3/avr5\libgcc.a(_fixunssfsi.o)
 .debug_abbrev  0x00000d59      0x1ea h:/avr/tools/eclipse/winavr-20100110/bin/../lib/gcc/avr/4.3.3/avr5\libgcc.a(_addsub_sf.o)
 .debug_abbrev  0x00000f43      0x21b h:/avr/tools/eclipse/winavr-20100110/bin/../lib/gcc/avr/4.3.3/avr5\libgcc.a(_mul_sf.o)
 .debug_abbrev  0x0000115e      0x216 h:/avr/tools/eclipse/winavr-20100110/bin/../lib/gcc/avr/4.3.3/avr5\libgcc.a(_div_sf.o)
 .debug_abbrev  0x00001374      0x15a h:/avr/tools/eclipse/winavr-20100110/bin/../lib/gcc/avr/4.3.3/avr5\libgcc.a(_ge_sf.o)
 .debug_abbrev  0x000014ce      0x148 h:/avr/tools/eclipse/winavr-20100110/bin/../lib/gcc/avr/4.3.3/avr5\libgcc.a(_si_to_sf.o)
 .debug_abbrev  0x00001616      0x17f h:/avr/tools/eclipse/winavr-20100110/bin/../lib/gcc/avr/4.3.3/avr5\libgcc.a(_sf_to_si.o)
 .debug_abbrev  0x00001795       0xad h:/avr/tools/eclipse/winavr-20100110/bin/../lib/gcc/avr/4.3.3/avr5\libgcc.a(_thenan_sf.o)
 .debug_abbrev  0x00001842      0x157 h:/avr/tools/eclipse/winavr-20100110/bin/../lib/gcc/avr/4.3.3/avr5\libgcc.a(_usi_to_sf.o)
 .debug_abbrev  0x00001999       0xc4 h:/avr/tools/eclipse/winavr-20100110/bin/../lib/gcc/avr/4.3.3/avr5\libgcc.a(_clzsi2.o)
 .debug_abbrev  0x00001a5d      0x1c0 h:/avr/tools/eclipse/winavr-20100110/bin/../lib/gcc/avr/4.3.3/avr5\libgcc.a(_pack_sf.o)
 .debug_abbrev  0x00001c1d      0x154 h:/avr/tools/eclipse/winavr-20100110/bin/../lib/gcc/avr/4.3.3/avr5\libgcc.a(_unpack_sf.o)
 .debug_abbrev  0x00001d71      0x13b h:/avr/tools/eclipse/winavr-20100110/bin/../lib/gcc/avr/4.3.3/avr5\libgcc.a(_fpcmp_parts_sf.o)
 .debug_abbrev  0x00001eac       0x6a h:/avr/tools/eclipse/winavr-20100110/bin/../lib/gcc/avr/4.3.3/avr5\libgcc.a(_clz.o)

.debug_line     0x00000000     0x3f37
 *(.debug_line)
 .debug_line    0x00000000      0x3bd ./Gpiodriver.o
 .debug_line    0x000003bd      0x2a9 ./Internal_Interrupts.o
 .debug_line    0x00000666      0x462 ./Interrupts.o
 .debug_line    0x00000ac8      0xada ./LCD.o
 .debug_line    0x000015a2      0x406 ./Remote.o
 .debug_line    0x000019a8      0x3c5 ./Timer0.o
 .debug_line    0x00001d6d      0x807 ./Timer1.o
 .debug_line    0x00002574      0x504 ./Timer2.o
 .debug_line    0x00002a78      0x35a ./main.o
 .debug_line    0x00002dd2       0xa7 h:/avr/tools/eclipse/winavr-20100110/bin/../lib/gcc/avr/4.3.3/avr5\libgcc.a(_fixunssfsi.o)
 .debug_line    0x00002e79      0x2af h:/avr/tools/eclipse/winavr-20100110/bin/../lib/gcc/avr/4.3.3/avr5\libgcc.a(_addsub_sf.o)
 .debug_line    0x00003128      0x239 h:/avr/tools/eclipse/winavr-20100110/bin/../lib/gcc/avr/4.3.3/avr5\libgcc.a(_mul_sf.o)
 .debug_line    0x00003361      0x1d5 h:/avr/tools/eclipse/winavr-20100110/bin/../lib/gcc/avr/4.3.3/avr5\libgcc.a(_div_sf.o)
 .debug_line    0x00003536       0xd3 h:/avr/tools/eclipse/winavr-20100110/bin/../lib/gcc/avr/4.3.3/avr5\libgcc.a(_ge_sf.o)
 .debug_line    0x00003609      0x135 h:/avr/tools/eclipse/winavr-20100110/bin/../lib/gcc/avr/4.3.3/avr5\libgcc.a(_si_to_sf.o)
 .debug_line    0x0000373e      0x109 h:/avr/tools/eclipse/winavr-20100110/bin/../lib/gcc/avr/4.3.3/avr5\libgcc.a(_sf_to_si.o)
 .debug_line    0x00003847       0x90 h:/avr/tools/eclipse/winavr-20100110/bin/../lib/gcc/avr/4.3.3/avr5\libgcc.a(_thenan_sf.o)
 .debug_line    0x000038d7      0x133 h:/avr/tools/eclipse/winavr-20100110/bin/../lib/gcc/avr/4.3.3/avr5\libgcc.a(_usi_to_sf.o)
 .debug_line    0x00003a0a       0xa5 h:/avr/tools/eclipse/winavr-20100110/bin/../lib/gcc/avr/4.3.3/avr5\libgcc.a(_clzsi2.o)
 .debug_line    0x00003aaf      0x18a h:/avr/tools/eclipse/winavr-20100110/bin/../lib/gcc/avr/4.3.3/avr5\libgcc.a(_pack_sf.o)
 .debug_line    0x00003c39      0x14b h:/avr/tools/eclipse/winavr-20100110/bin/../lib/gcc/avr/4.3.3/avr5\libgcc.a(_unpack_sf.o)
 .debug_line    0x00003d84      0x137 h:/avr/tools/eclipse/winavr-20100110/bin/../lib/gcc/avr/4.3.3/avr5\libgcc.a(_fpcmp_parts_sf.o)
 .debug_line    0x00003ebb       0x7c h:/avr/tools/eclipse/winavr-20100110/bin/../lib/gcc/avr/4.3.3/avr5\libgcc.a(_clz.o)

.debug_frame    0x00000000      0x610
 *(.debug_frame)
 .debug_frame   0x00000000       0x90 ./Gpiodriver.o
 .debug_frame   0x00000090       0x40 ./Internal_Interrupts.o
 .debug_frame   0x000000d0       0x80 ./Interrupts.o
 .debug_frame   0x00000150      0x190 ./LCD.o
 .debug_frame   0x000002e0       0x40 ./Remote.o
 .debug_frame   0x00000320       0x30 ./Timer0.o
 .debug_frame   0x00000350       0x90 ./Timer1.o
 .debug_frame   0x000003e0       0x70 ./Timer2.o
 .debug_frame   0x00000450       0x20 ./main.o
 .debug_frame   0x00000470       0x20 h:/avr/tools/eclipse/winavr-20100110/bin/../lib/gcc/avr/4.3.3/avr5\libgcc.a(_fixunssfsi.o)
 .debug_frame   0x00000490       0x40 h:/avr/tools/eclipse/winavr-20100110/bin/../lib/gcc/avr/4.3.3/avr5\libgcc.a(_addsub_sf.o)
 .debug_frame   0x000004d0       0x20 h:/avr/tools/eclipse/winavr-20100110/bin/../lib/gcc/avr/4.3.3/avr5\libgcc.a(_mul_sf.o)
 .debug_frame   0x000004f0       0x20 h:/avr/tools/eclipse/winavr-20100110/bin/../lib/gcc/avr/4.3.3/avr5\libgcc.a(_div_sf.o)
 .debug_frame   0x00000510       0x20 h:/avr/tools/eclipse/winavr-20100110/bin/../lib/gcc/avr/4.3.3/avr5\libgcc.a(_ge_sf.o)
 .debug_frame   0x00000530       0x20 h:/avr/tools/eclipse/winavr-20100110/bin/../lib/gcc/avr/4.3.3/avr5\libgcc.a(_si_to_sf.o)
 .debug_frame   0x00000550       0x20 h:/avr/tools/eclipse/winavr-20100110/bin/../lib/gcc/avr/4.3.3/avr5\libgcc.a(_sf_to_si.o)
 .debug_frame   0x00000570       0x20 h:/avr/tools/eclipse/winavr-20100110/bin/../lib/gcc/avr/4.3.3/avr5\libgcc.a(_usi_to_sf.o)
 .debug_frame   0x00000590       0x20 h:/avr/tools/eclipse/winavr-20100110/bin/../lib/gcc/avr/4.3.3/avr5\libgcc.a(_clzsi2.o)
 .debug_frame   0x000005b0       0x20 h:/avr/tools/eclipse/winavr-20100110/bin/../lib/gcc/avr/4.3.3/avr5\libgcc.a(_pack_sf.o)
 .debug_frame   0x000005d0       0x20 h:/avr/tools/eclipse/winavr-20100110/bin/../lib/gcc/avr/4.3.3/avr5\libgcc.a(_unpack_sf.o)
 .debug_frame   0x000005f0       0x20 h:/avr/tools/eclipse/winavr-20100110/bin/../lib/gcc/avr/4.3.3/avr5\libgcc.a(_fpcmp_parts_sf.o)

.debug_str      0x00000000     0x158e
 *(.debug_str)
 .debug_str     0x00000000      0x1fb ./Gpiodriver.o
                                0x246 (size before relaxing)
 .debug_str     0x000001fb       0x3a ./Internal_Interrupts.o
                                 0xfe (size before relaxing)
 .debug_str     0x00000235      0x1cd ./Interrupts.o
                                0x296 (size before relaxing)
 .debug_str     0x00000402      0x30f ./LCD.o
                                0x443 (size before relaxing)
 .debug_str     0x00000711      0x54f ./Remote.o
                                0x64b (size before relaxing)
 .debug_str     0x00000c60      0x28b ./Timer0.o
                                0x375 (size before relaxing)
 .debug_str     0x00000eeb       0xeb ./Timer1.o
                                0x682 (size before relaxing)
 .debug_str     0x00000fd6      0x2e5 ./Timer2.o
                                0x403 (size before relaxing)
 .debug_str     0x000012bb       0x25 ./main.o
                                0x185 (size before relaxing)
 .debug_str     0x000012e0       0x80 h:/avr/tools/eclipse/winavr-20100110/bin/../lib/gcc/avr/4.3.3/avr5\libgcc.a(_fixunssfsi.o)
                                 0xfe (size before relaxing)
 .debug_str     0x00001360      0x143 h:/avr/tools/eclipse/winavr-20100110/bin/../lib/gcc/avr/4.3.3/avr5\libgcc.a(_addsub_sf.o)
                                0x206 (size before relaxing)
 .debug_str     0x000014a3       0x27 h:/avr/tools/eclipse/winavr-20100110/bin/../lib/gcc/avr/4.3.3/avr5\libgcc.a(_mul_sf.o)
                                0x1bf (size before relaxing)
 .debug_str     0x000014ca       0x35 h:/avr/tools/eclipse/winavr-20100110/bin/../lib/gcc/avr/4.3.3/avr5\libgcc.a(_div_sf.o)
                                0x1c8 (size before relaxing)
 .debug_str     0x000014ff        0x8 h:/avr/tools/eclipse/winavr-20100110/bin/../lib/gcc/avr/4.3.3/avr5\libgcc.a(_ge_sf.o)
                                0x195 (size before relaxing)
 .debug_str     0x00001507       0x1e h:/avr/tools/eclipse/winavr-20100110/bin/../lib/gcc/avr/4.3.3/avr5\libgcc.a(_si_to_sf.o)
                                0x17b (size before relaxing)
 .debug_str     0x00001525        0xa h:/avr/tools/eclipse/winavr-20100110/bin/../lib/gcc/avr/4.3.3/avr5\libgcc.a(_sf_to_si.o)
                                0x19e (size before relaxing)
 .debug_str     0x00000000      0x103 h:/avr/tools/eclipse/winavr-20100110/bin/../lib/gcc/avr/4.3.3/avr5\libgcc.a(_thenan_sf.o)
 .debug_str     0x0000152f       0x14 h:/avr/tools/eclipse/winavr-20100110/bin/../lib/gcc/avr/4.3.3/avr5\libgcc.a(_usi_to_sf.o)
                                0x177 (size before relaxing)
 .debug_str     0x00001543       0x20 h:/avr/tools/eclipse/winavr-20100110/bin/../lib/gcc/avr/4.3.3/avr5\libgcc.a(_clzsi2.o)
                                0x111 (size before relaxing)
 .debug_str     0x00001563       0x10 h:/avr/tools/eclipse/winavr-20100110/bin/../lib/gcc/avr/4.3.3/avr5\libgcc.a(_pack_sf.o)
                                0x19d (size before relaxing)
 .debug_str     0x00001573        0xb h:/avr/tools/eclipse/winavr-20100110/bin/../lib/gcc/avr/4.3.3/avr5\libgcc.a(_unpack_sf.o)
                                0x17f (size before relaxing)
 .debug_str     0x0000157e       0x10 h:/avr/tools/eclipse/winavr-20100110/bin/../lib/gcc/avr/4.3.3/avr5\libgcc.a(_fpcmp_parts_sf.o)
                                0x163 (size before relaxing)
 .debug_str     0x00000000       0xf4 h:/avr/tools/eclipse/winavr-20100110/bin/../lib/gcc/avr/4.3.3/avr5\libgcc.a(_clz.o)

.debug_loc      0x00000000     0x2427
 *(.debug_loc)
 .debug_loc     0x00000000      0x323 ./Gpiodriver.o
 .debug_loc     0x00000323       0x46 ./Interrupts.o
 .debug_loc     0x00000369      0xe68 ./LCD.o
 .debug_loc     0x000011d1      0x101 ./Remote.o
 .debug_loc     0x000012d2       0x69 ./Timer0.o
 .debug_loc     0x0000133b      0x602 ./Timer1.o
 .debug_loc     0x0000193d      0x148 ./Timer2.o
 .debug_loc     0x00001a85       0x34 h:/avr/tools/eclipse/winavr-20100110/bin/../lib/gcc/avr/4.3.3/avr5\libgcc.a(_fixunssfsi.o)
 .debug_loc     0x00001ab9      0x32a h:/avr/tools/eclipse/winavr-20100110/bin/../lib/gcc/avr/4.3.3/avr5\libgcc.a(_addsub_sf.o)
 .debug_loc     0x00001de3      0x104 h:/avr/tools/eclipse/winavr-20100110/bin/../lib/gcc/avr/4.3.3/avr5\libgcc.a(_mul_sf.o)
 .debug_loc     0x00001ee7       0xc0 h:/avr/tools/eclipse/winavr-20100110/bin/../lib/gcc/avr/4.3.3/avr5\libgcc.a(_div_sf.o)
 .debug_loc     0x00001fa7       0x3c h:/avr/tools/eclipse/winavr-20100110/bin/../lib/gcc/avr/4.3.3/avr5\libgcc.a(_ge_sf.o)
 .debug_loc     0x00001fe3       0xac h:/avr/tools/eclipse/winavr-20100110/bin/../lib/gcc/avr/4.3.3/avr5\libgcc.a(_si_to_sf.o)
 .debug_loc     0x0000208f       0x7e h:/avr/tools/eclipse/winavr-20100110/bin/../lib/gcc/avr/4.3.3/avr5\libgcc.a(_sf_to_si.o)
 .debug_loc     0x0000210d       0x4c h:/avr/tools/eclipse/winavr-20100110/bin/../lib/gcc/avr/4.3.3/avr5\libgcc.a(_usi_to_sf.o)
 .debug_loc     0x00002159       0x94 h:/avr/tools/eclipse/winavr-20100110/bin/../lib/gcc/avr/4.3.3/avr5\libgcc.a(_clzsi2.o)
 .debug_loc     0x000021ed      0x13e h:/avr/tools/eclipse/winavr-20100110/bin/../lib/gcc/avr/4.3.3/avr5\libgcc.a(_pack_sf.o)
 .debug_loc     0x0000232b       0xac h:/avr/tools/eclipse/winavr-20100110/bin/../lib/gcc/avr/4.3.3/avr5\libgcc.a(_unpack_sf.o)
 .debug_loc     0x000023d7       0x50 h:/avr/tools/eclipse/winavr-20100110/bin/../lib/gcc/avr/4.3.3/avr5\libgcc.a(_fpcmp_parts_sf.o)

.debug_macinfo  0x00000000    0x2c74c
 *(.debug_macinfo)
 .debug_macinfo
                0x00000000     0x46c4 ./Gpiodriver.o
 .debug_macinfo
                0x000046c4     0x4b81 ./Internal_Interrupts.o
 .debug_macinfo
                0x00009245     0x4b81 ./Interrupts.o
 .debug_macinfo
                0x0000ddc6     0x52b2 ./LCD.o
 .debug_macinfo
                0x00013078     0x51f5 ./Remote.o
 .debug_macinfo
                0x0001826d     0x4c3b ./Timer0.o
 .debug_macinfo
                0x0001cea8     0x4f28 ./Timer1.o
 .debug_macinfo
                0x00021dd0     0x4d0c ./Timer2.o
 .debug_macinfo
                0x00026adc     0x5c70 ./main.o
OUTPUT(IR-RemoteDriver.elf elf32-avr)
LOAD linker stubs

.debug_ranges   0x00000000      0x318
 .debug_ranges  0x00000000       0x50 ./Gpiodriver.o
 .debug_ranges  0x00000050       0x28 ./Internal_Interrupts.o
 .debug_ranges  0x00000078       0x48 ./Interrupts.o
 .debug_ranges  0x000000c0      0x118 ./LCD.o
 .debug_ranges  0x000001d8       0x28 ./Remote.o
 .debug_ranges  0x00000200       0x20 ./Timer0.o
 .debug_ranges  0x00000220       0x50 ./Timer1.o
 .debug_ranges  0x00000270       0x40 ./Timer2.o
 .debug_ranges  0x000002b0       0x18 ./main.o
 .debug_ranges  0x000002c8       0x50 h:/avr/tools/eclipse/winavr-20100110/bin/../lib/gcc/avr/4.3.3/avr5\libgcc.a(_mul_sf.o)
